{"level":"info","message":"WorkFlow Server is running on PORT undefined","service":"workflow-backend","timestamp":"2026-08-05T14:02:19.609Z"}
{"level":"info","message":"WorkFlow Server is running on PORT undefined","service":"workflow-backend","timestamp":"2026-08-05T14:16:54.056Z"}
{"level":"info","message":"WorkFlow Server is running on PORT undefined","service":"workflow-backend","timestamp":"2026-08-05T14:16:56.153Z"}
{"level":"info","message":"WorkFlow Server is running on PORT undefined","service":"workflow-backend","timestamp":"2026-08-05T14:16:57.218Z"}
{"level":"info","message":"WorkFlow Server is running on PORT undefined","service":"workflow-backend","timestamp":"2026-08-05T14:17:23.133Z"}
{"level":"info","message":"Getting error while connection to mongoose MongooseError: The `uri` parameter to `openUri()` must be a string, got \"undefined\". Make sure the first parameter to `mongoose.connect()` or `mongoose.createConnection()` is a string.","service":"workflow-backend","timestamp":"2026-08-05T14:17:33.659Z"}
{"level":"info","message":"WorkFlow Server is running on PORT undefined","service":"workflow-backend","timestamp":"2026-08-05T14:17:33.665Z"}
{"level":"info","message":"Getting error while connection to mongoose MongooseError: The `uri` parameter to `openUri()` must be a string, got \"undefined\". Make sure the first parameter to `mongoose.connect()` or `mongoose.createConnection()` is a string.","service":"workflow-backend","timestamp":"2026-08-05T14:18:13.508Z"}
{"level":"info","message":"WorkFlow Server is running on PORT undefined","service":"workflow-backend","timestamp":"2026-08-05T14:18:13.513Z"}
{"level":"info","message":"Getting error while connection to mongoose MongooseError: The `uri` parameter to `openUri()` must be a string, got \"undefined\". Make sure the first parameter to `mongoose.connect()` or `mongoose.createConnection()` is a string.","service":"workflow-backend","timestamp":"2026-08-05T14:18:19.709Z"}
{"level":"info","message":"WorkFlow Server is running on PORT undefined","service":"workflow-backend","timestamp":"2026-08-05T14:18:19.714Z"}
{"level":"info","message":"Getting error while connection to mongoose MongooseError: The `uri` parameter to `openUri()` must be a string, got \"undefined\". Make sure the first parameter to `mongoose.connect()` or `mongoose.createConnection()` is a string.","service":"workflow-backend","timestamp":"2026-08-05T14:18:39.765Z"}
{"level":"info","message":"WorkFlow Server is running on PORT undefined","service":"workflow-backend","timestamp":"2026-08-05T14:18:39.774Z"}
{"level":"info","message":"Getting error while connection to mongoose MongooseError: The `uri` parameter to `openUri()` must be a string, got \"undefined\". Make sure the first parameter to `mongoose.connect()` or `mongoose.createConnection()` is a string.","service":"workflow-backend","timestamp":"2026-08-05T14:18:41.588Z"}
{"level":"info","message":"WorkFlow Server is running on PORT undefined","service":"workflow-backend","timestamp":"2026-08-05T14:18:41.593Z"}
{"level":"info","message":"Getting error while connection to mongoose ReferenceError: MONGO_URL is not defined","service":"workflow-backend","timestamp":"2026-08-05T14:19:43.746Z"}
{"level":"info","message":"WorkFlow Server is running on PORT undefined","service":"workflow-backend","timestamp":"2026-08-05T14:19:43.755Z"}
{"level":"info","message":"Getting error while connection to mongoose MongooseError: The `uri` parameter to `openUri()` must be a string, got \"object\". Make sure the first parameter to `mongoose.connect()` or `mongoose.createConnection()` is a string.","service":"workflow-backend","timestamp":"2026-08-05T14:19:53.860Z"}
{"level":"info","message":"WorkFlow Server is running on PORT undefined","service":"workflow-backend","timestamp":"2026-08-05T14:19:53.871Z"}
{"level":"info","message":"Getting error while connection to mongoose MongooseError: The `uri` parameter to `openUri()` must be a string, got \"undefined\". Make sure the first parameter to `mongoose.connect()` or `mongoose.createConnection()` is a string.","service":"workflow-backend","timestamp":"2026-08-05T14:20:03.763Z"}
{"level":"info","message":"WorkFlow Server is running on PORT undefined","service":"workflow-backend","timestamp":"2026-08-05T14:20:03.769Z"}
{"level":"info","message":"Getting error while connection to mongoose Error: MONGO_URL is not defined in environment variables","service":"workflow-backend","timestamp":"2026-08-05T14:20:09.170Z"}
{"level":"info","message":"WorkFlow Server is running on PORT undefined","service":"workflow-backend","timestamp":"2026-08-05T14:20:09.174Z"}
{"level":"info","message":"MongoDB is connected","service":"workflow-backend","timestamp":"2026-08-05T14:22:56.813Z"}
{"level":"info","message":"WorkFlow Server is running on PORT 5000","service":"workflow-backend","timestamp":"2026-08-05T14:22:56.819Z"}
{"level":"info","message":"MongoDB is connected","service":"workflow-backend","timestamp":"2026-08-05T14:26:09.530Z"}
{"level":"info","message":"WorkFlow Server is running on PORT 5000","service":"workflow-backend","timestamp":"2026-08-05T14:26:09.536Z"}
{"level":"info","message":"MongoDB is connected","service":"workflow-backend","timestamp":"2026-08-05T14:26:37.012Z"}
{"level":"info","message":"WorkFlow Server is running on PORT 5000","service":"workflow-backend","timestamp":"2026-08-05T14:26:37.019Z"}
{"level":"info","message":"Getting error while connection to mongoose MongooseServerSelectionError: Could not connect to any servers in your MongoDB Atlas cluster. One common reason is that you're trying to access the database from an IP that isn't whitelisted. Make sure your current IP address is on your Atlas cluster's IP whitelist: https://www.mongodb.com/docs/atlas/security-whitelist/","service":"workflow-backend","timestamp":"2026-08-05T16:47:43.702Z"}
{"level":"info","message":"WorkFlow Server is running on PORT 5000","service":"workflow-backend","timestamp":"2026-08-05T16:47:43.716Z"}
{"level":"info","message":"New Create workflow is triggered","service":"workflow-backend","timestamp":"2026-08-05T16:48:17.166Z"}
{"level":"info","message":"Got Error while creating the workflow ValidationError: workflow_name: Path `workflow_name` is required.","service":"workflow-backend","timestamp":"2026-08-05T16:48:17.182Z"}
{"level":"info","message":"New Create workflow is triggered","service":"workflow-backend","timestamp":"2026-08-05T16:48:36.772Z"}
{"level":"info","message":"Got Error while creating the workflow MongooseError: Operation `workflows.insertOne()` buffering timed out after 10000ms","service":"workflow-backend","timestamp":"2026-08-05T16:48:46.788Z"}
{"level":"info","message":"MongoDB is connected","service":"workflow-backend","timestamp":"2026-08-05T16:51:30.727Z"}
{"level":"info","message":"WorkFlow Server is running on PORT 5000","service":"workflow-backend","timestamp":"2026-08-05T16:51:30.734Z"}
{"level":"info","message":"New Create workflow is triggered","service":"workflow-backend","timestamp":"2026-08-05T16:51:56.525Z"}
{"level":"info","message":"WorkFlow created successfully","service":"workflow-backend","timestamp":"2026-08-05T16:51:56.666Z"}
{"level":"info","message":"MongoDB is connected","service":"workflow-backend","timestamp":"2026-08-05T16:54:02.862Z"}
{"level":"info","message":"WorkFlow Server is running on PORT 5000","service":"workflow-backend","timestamp":"2026-08-05T16:54:02.873Z"}
{"level":"info","message":"Fetching all workflows is triggered","service":"workflow-backend","timestamp":"2026-08-05T16:54:15.875Z"}
{"level":"info","message":"All workflows fetched successfully","service":"workflow-backend","timestamp":"2026-08-05T16:54:15.939Z"}
{"level":"info","message":"MongoDB is connected","service":"workflow-backend","timestamp":"2026-08-05T16:56:25.633Z"}
{"level":"info","message":"WorkFlow Server is running on PORT 5000","service":"workflow-backend","timestamp":"2026-08-05T16:56:25.644Z"}
{"level":"info","message":"Fetching all workflows is triggered","service":"workflow-backend","timestamp":"2026-08-05T16:56:35.318Z"}
{"level":"info","message":"All workflows fetched successfully","service":"workflow-backend","timestamp":"2026-08-05T16:56:38.211Z"}
{"level":"info","message":"Fetching workflow by id is triggered","service":"workflow-backend","timestamp":"2026-08-05T16:56:52.119Z"}
{"level":"info","message":"Getting error while fetching workflow by id BSONError: input must be a 24 character hex string, 12 byte Uint8Array, or an integer","service":"workflow-backend","timestamp":"2026-08-05T16:56:52.120Z"}
{"level":"info","message":"Fetching all workflows is triggered","service":"workflow-backend","timestamp":"2026-08-05T16:57:21.747Z"}
{"level":"info","message":"All workflows fetched successfully","service":"workflow-backend","timestamp":"2026-08-05T16:57:59.685Z"}
{"level":"info","message":"Fetching all workflows is triggered","service":"workflow-backend","timestamp":"2026-08-05T17:00:16.004Z"}
{"level":"info","message":"All workflows fetched successfully","service":"workflow-backend","timestamp":"2026-08-05T17:00:16.279Z"}
{"level":"info","message":"Fetching all workflows is triggered","service":"workflow-backend","timestamp":"2026-08-05T17:01:23.858Z"}
{"level":"info","message":"All workflows fetched successfully","service":"workflow-backend","timestamp":"2026-08-05T17:01:23.925Z"}
{"level":"info","message":"Fetching workflow by id is triggered","service":"workflow-backend","timestamp":"2026-08-05T17:02:45.844Z"}
{"level":"info","message":"WorkFlow fetched successfully","service":"workflow-backend","timestamp":"2026-08-05T17:02:50.154Z"}
{"level":"info","message":"Fetching workflow by id is triggered","service":"workflow-backend","timestamp":"2026-08-05T17:02:58.959Z"}
{"level":"info","message":"Getting error while connection to mongoose MongoNetworkError: connection 1 to 159.41.160.95:27017 closed","service":"workflow-backend","timestamp":"2026-08-05T17:04:27.316Z"}
{"level":"info","message":"WorkFlow Server is running on PORT 5000","service":"workflow-backend","timestamp":"2026-08-05T17:04:27.323Z"}
{"level":"info","message":"Fetching workflow by id is triggered","service":"workflow-backend","timestamp":"2026-08-05T17:04:31.724Z"}
{"level":"info","message":"Getting error while fetching workflow by id MongooseError: Operation `workflows.findOne()` buffering timed out after 10000ms","service":"workflow-backend","timestamp":"2026-08-05T17:04:41.731Z"}
{"level":"info","message":"Fetching workflow by id is triggered","service":"workflow-backend","timestamp":"2026-08-05T17:05:13.034Z"}
{"level":"info","message":"Getting error while fetching workflow by id MongooseError: Operation `workflows.findOne()` buffering timed out after 10000ms","service":"workflow-backend","timestamp":"2026-08-05T17:05:23.038Z"}
{"level":"info","message":"Fetching all workflows is triggered","service":"workflow-backend","timestamp":"2026-08-05T17:05:38.456Z"}
{"level":"info","message":"Getting error while fetching all workflows MongooseError: Operation `workflows.find()` buffering timed out after 10000ms","service":"workflow-backend","timestamp":"2026-08-05T17:05:48.464Z"}
{"level":"info","message":"MongoDB is connected","service":"workflow-backend","timestamp":"2026-08-05T17:07:10.779Z"}
{"level":"info","message":"WorkFlow Server is running on PORT 5000","service":"workflow-backend","timestamp":"2026-08-05T17:07:10.793Z"}
{"level":"info","message":"MongoDB is connected","service":"workflow-backend","timestamp":"2026-08-05T17:08:56.808Z"}
{"level":"info","message":"WorkFlow Server is running on PORT 5000","service":"workflow-backend","timestamp":"2026-08-05T17:08:56.842Z"}
