{"level":"info","message":"kafka connected","service":"user-backend","timestamp":"2026-08-12T13:18:56.008Z"}
{"level":"info","message":"MongoDB is connected","service":"user-backend","timestamp":"2026-08-12T13:19:00.166Z"}
{"level":"info","message":"Kafka Workflow consumer is connected","service":"user-backend","timestamp":"2026-08-12T13:19:00.362Z"}
{"level":"info","message":"Consumer for Signup flow is triggred","service":"user-backend","timestamp":"2026-08-12T13:19:00.410Z"}
{"level":"info","message":"Kafka Workflow producer is connected","service":"user-backend","timestamp":"2026-08-12T13:19:00.936Z"}
{"level":"info","message":"Users backend server is running in PORT 5001","service":"user-backend","timestamp":"2026-08-12T13:19:01.038Z"}
{"level":"info","message":"kafka connected","service":"user-backend","timestamp":"2026-08-12T13:20:13.594Z"}
{"level":"info","message":"kafka connected","service":"user-backend","timestamp":"2026-08-12T13:20:24.464Z"}
{"level":"info","message":"MongoDB is connected","service":"user-backend","timestamp":"2026-08-12T13:20:29.006Z"}
{"level":"info","message":"Kafka Workflow consumer is connected","service":"user-backend","timestamp":"2026-08-12T13:20:29.148Z"}
{"level":"info","message":"Consumer for Signup flow is triggred","service":"user-backend","timestamp":"2026-08-12T13:20:29.205Z"}
{"level":"info","message":"Kafka Workflow producer is connected","service":"user-backend","timestamp":"2026-08-12T13:20:29.923Z"}
{"level":"info","message":"Users backend server is running in PORT 5001","service":"user-backend","timestamp":"2026-08-12T13:20:30.003Z"}
{"level":"info","message":"kafka connected","service":"user-backend","timestamp":"2026-08-12T13:23:03.106Z"}
{"level":"info","message":"kafka connected","service":"user-backend","timestamp":"2026-08-12T13:23:16.384Z"}
{"level":"info","message":"MongoDB is connected","service":"user-backend","timestamp":"2026-08-12T13:23:19.562Z"}
{"level":"info","message":"Kafka Workflow consumer is connected","service":"user-backend","timestamp":"2026-08-12T13:23:19.767Z"}
{"level":"info","message":"Consumer for Signup flow is triggred","service":"user-backend","timestamp":"2026-08-12T13:23:19.829Z"}
{"level":"info","message":"Kafka Workflow producer is connected","service":"user-backend","timestamp":"2026-08-12T13:23:20.361Z"}
{"level":"info","message":"Users backend server is running in PORT 5001","service":"user-backend","timestamp":"2026-08-12T13:23:20.439Z"}
{"level":"info","message":"kafka connected","service":"user-backend","timestamp":"2026-08-12T13:23:38.189Z"}
{"level":"info","message":"MongoDB is connected","service":"user-backend","timestamp":"2026-08-12T13:23:41.399Z"}
{"level":"info","message":"Kafka Workflow consumer is connected","service":"user-backend","timestamp":"2026-08-12T13:23:41.985Z"}
{"level":"info","message":"Consumer for Signup flow is triggred","service":"user-backend","timestamp":"2026-08-12T13:23:42.089Z"}
{"level":"info","message":"Kafka Workflow producer is connected","service":"user-backend","timestamp":"2026-08-12T13:23:57.260Z"}
{"level":"info","message":"Users backend server is running in PORT 5001","service":"user-backend","timestamp":"2026-08-12T13:23:57.318Z"}
{"level":"info","message":"kafka connected","service":"user-backend","timestamp":"2026-08-12T13:39:51.213Z"}
{"level":"info","message":"MongoDB is connected","service":"user-backend","timestamp":"2026-08-12T13:39:55.143Z"}
{"level":"info","message":"Kafka Workflow consumer is connected","service":"user-backend","timestamp":"2026-08-12T13:39:55.484Z"}
{"level":"info","message":"Consumer for Signup flow is triggred","service":"user-backend","timestamp":"2026-08-12T13:39:55.555Z"}
{"level":"info","message":"Kafka Workflow producer is connected","service":"user-backend","timestamp":"2026-08-12T13:39:55.755Z"}
{"level":"info","message":"Users backend server is running in PORT 5001","service":"user-backend","timestamp":"2026-08-12T13:39:55.841Z"}
{"level":"info","message":"kafka connected","service":"user-backend","timestamp":"2026-08-12T13:41:41.059Z"}
{"level":"info","message":"kafka connected","service":"user-backend","timestamp":"2026-08-12T13:42:58.298Z"}
{"level":"info","message":"kafka connected","service":"user-backend","timestamp":"2026-08-12T13:43:12.884Z"}
{"level":"info","message":"kafka connected","service":"user-backend","timestamp":"2026-08-12T13:44:52.463Z"}
{"level":"info","message":"MongoDB is connected","service":"user-backend","timestamp":"2026-08-12T13:44:56.501Z"}
{"level":"info","message":"Kafka Workflow consumer is connected","service":"user-backend","timestamp":"2026-08-12T13:44:57.124Z"}
{"level":"info","message":"Consumer for Signup flow is triggred","service":"user-backend","timestamp":"2026-08-12T13:44:57.336Z"}
{"level":"info","message":"Kafka Workflow producer is connected","service":"user-backend","timestamp":"2026-08-12T13:44:58.036Z"}
{"level":"info","message":"Users backend server is running in PORT 5001","service":"user-backend","timestamp":"2026-08-12T13:44:58.118Z"}
{"level":"info","message":"kafka connected","service":"user-backend","timestamp":"2026-08-12T13:45:22.524Z"}
{"level":"info","message":"MongoDB is connected","service":"user-backend","timestamp":"2026-08-12T13:45:26.141Z"}
{"level":"info","message":"Kafka Workflow consumer is connected","service":"user-backend","timestamp":"2026-08-12T13:45:26.269Z"}
{"level":"info","message":"Consumer for Signup flow is triggred","service":"user-backend","timestamp":"2026-08-12T13:45:26.283Z"}
{"level":"info","message":"Kafka Workflow producer is connected","service":"user-backend","timestamp":"2026-08-12T13:45:33.620Z"}
{"level":"info","message":"Users backend server is running in PORT 5001","service":"user-backend","timestamp":"2026-08-12T13:45:33.722Z"}
{"level":"info","message":"kafka connected","service":"user-backend","timestamp":"2026-08-12T13:50:14.224Z"}
{"level":"info","message":"MongoDB is connected","service":"user-backend","timestamp":"2026-08-12T13:50:18.684Z"}
{"level":"info","message":"Kafka Workflow consumer is connected","service":"user-backend","timestamp":"2026-08-12T13:50:18.794Z"}
{"level":"info","message":"Consumer for Signup flow is triggred","service":"user-backend","timestamp":"2026-08-12T13:50:19.128Z"}
{"level":"info","message":"Kafka Workflow producer is connected","service":"user-backend","timestamp":"2026-08-12T13:50:19.592Z"}
{"level":"info","message":"Users backend server is running in PORT 5001","service":"user-backend","timestamp":"2026-08-12T13:50:19.690Z"}
{"email":"kiran.sadara6730@gmail.com","level":"info","message":"Sign up request received","service":"user-backend","timestamp":"2026-08-12T14:12:05.632Z","username":"kiran_24"}
{"email":"kiran.sadara6730@gmail.com","level":"info","message":"Registering new user","service":"user-backend","timestamp":"2026-08-12T14:12:05.641Z","username":"kiran_24"}
{"level":"info","message":"Sending signup event to Kafka for kiran.sadara6730@gmail.com","service":"user-backend","timestamp":"2026-08-12T14:12:06.590Z"}
{"level":"info","message":"Signup event successfully published to Kafka for kiran.sadara6730@gmail.com","service":"user-backend","timestamp":"2026-08-12T14:12:07.036Z"}
{"email":"kiran.sadara6730@gmail.com","level":"info","message":"User registered successfully","service":"user-backend","timestamp":"2026-08-12T14:12:07.036Z","username":"kiran_24"}
{"email":"kiran.sadara6730@gmail.com","level":"info","message":"User registered successfully","service":"user-backend","timestamp":"2026-08-12T14:12:07.037Z","username":"kiran_24"}
{"level":"info","message":"Request for Signup workflow is sending for email kiran.sadara6730@gmail.com","service":"user-backend","timestamp":"2026-08-12T14:12:07.133Z"}
{"level":"info","message":"Signup workflow executed successfully for email kiran.sadara6730@gmail.com","service":"user-backend","timestamp":"2026-08-12T14:12:13.965Z"}
{"level":"info","message":"Offset 7 committed","service":"user-backend","timestamp":"2026-08-12T14:12:14.090Z"}
{"email":"kiran.sadara6730@gmail.com","level":"info","message":"Sign up request received","service":"user-backend","timestamp":"2026-08-12T14:41:25.635Z","username":"kiran_24"}
{"email":"kiran.sadara6730@gmail.com","level":"info","message":"Registering new user","service":"user-backend","timestamp":"2026-08-12T14:41:25.741Z","username":"kiran_24"}
{"level":"info","message":"Sending signup event to Kafka for kiran.sadara6730@gmail.com","service":"user-backend","timestamp":"2026-08-12T14:41:26.228Z"}
{"level":"info","message":"Signup event successfully published to Kafka for kiran.sadara6730@gmail.com","service":"user-backend","timestamp":"2026-08-12T14:41:26.612Z"}
{"email":"kiran.sadara6730@gmail.com","level":"info","message":"User registered successfully","service":"user-backend","timestamp":"2026-08-12T14:41:26.613Z","username":"kiran_24"}
{"email":"kiran.sadara6730@gmail.com","level":"info","message":"User registered successfully","service":"user-backend","timestamp":"2026-08-12T14:41:26.613Z","username":"kiran_24"}
{"level":"info","message":"Request for Signup workflow is sending for email kiran.sadara6730@gmail.com","service":"user-backend","timestamp":"2026-08-12T14:41:26.688Z"}
{"level":"info","message":"Signup workflow executed successfully for email kiran.sadara6730@gmail.com","service":"user-backend","timestamp":"2026-08-12T14:41:31.247Z"}
{"level":"info","message":"Offset 6 committed","service":"user-backend","timestamp":"2026-08-12T14:41:31.503Z"}
