{"error":{},"level":"error","message":"Error during sign up","service":"user-backend","timestamp":"2026-08-11T16:39:30.545Z"}
{"error":"crypto.randomUUIDv7 is not a function","level":"error","message":"Sign up error","service":"user-backend","stack":"TypeError: crypto.randomUUIDv7 is not a function\n    at AuthService.signupService (F:\\projects\\other\\small_poc's\\workflow\\user_backend\\src\\services\\user.auth.service.ts:89:39)\n    at async AuthController.SignupController (F:\\projects\\other\\small_poc's\\workflow\\user_backend\\src\\controllers\\user.auth.controller.ts:82:23)","timestamp":"2026-08-11T16:39:30.548Z"}
{"error":{"code":"ERR_INVALID_ARG_TYPE"},"level":"error","message":"Error during sign up","service":"user-backend","timestamp":"2026-08-11T16:40:48.783Z"}
{"error":"The \"string\" argument must be of type string or an instance of Buffer or ArrayBuffer. Received function randomUUID","level":"error","message":"Sign up error","service":"user-backend","stack":"TypeError [ERR_INVALID_ARG_TYPE]: The \"string\" argument must be of type string or an instance of Buffer or ArrayBuffer. Received function randomUUID\n    at Function.byteLength (node:buffer:777:11)\n    at Encoder.sizeOfVarIntBytes (F:\\projects\\other\\small_poc's\\workflow\\user_backend\\node_modules\\kafkajs\\src\\protocol\\encoder.js:49:46)\n    at module.exports (F:\\projects\\other\\small_poc's\\workflow\\user_backend\\node_modules\\kafkajs\\src\\protocol\\recordBatch\\record\\v0\\index.js:36:13)\n    at F:\\projects\\other\\small_poc's\\workflow\\user_backend\\node_modules\\kafkajs\\src\\protocol\\requests\\produce\\v3\\request.js:96:5\n    at Array.map (<anonymous>)\n    at F:\\projects\\other\\small_poc's\\workflow\\user_backend\\node_modules\\kafkajs\\src\\protocol\\requests\\produce\\v3\\request.js:95:28\n    at F:\\projects\\other\\small_poc's\\workflow\\user_backend\\node_modules\\kafkajs\\src\\protocol\\requests\\produce\\v3\\request.js:70:13\n    at encode (F:\\projects\\other\\small_poc's\\workflow\\user_backend\\node_modules\\kafkajs\\src\\protocol\\requests\\produce\\v3\\request.js:46:15)\n    at module.exports (F:\\projects\\other\\small_poc's\\workflow\\user_backend\\node_modules\\kafkajs\\src\\protocol\\request.js:4:25)\n    at sendRequest (F:\\projects\\other\\small_poc's\\workflow\\user_backend\\node_modules\\kafkajs\\src\\network\\connection.js:391:36)","timestamp":"2026-08-11T16:40:48.785Z"}
{"error":{},"level":"error","message":"Error during sign up","service":"user-backend","timestamp":"2026-08-11T16:49:30.397Z"}
{"level":"error","message":"Error while sending signup workflow request for kiran.sadara6730@gmail.com","service":"user-backend","timestamp":"2026-08-11T17:06:20.999Z"}
{"level":"error","message":"Attempt: 1","service":"user-backend","timestamp":"2026-08-11T17:06:21.000Z"}
{"level":"error","message":"Error message: read ECONNRESET","service":"user-backend","timestamp":"2026-08-11T17:06:21.001Z"}
{"level":"error","message":"Status: undefined","service":"user-backend","timestamp":"2026-08-11T17:06:21.002Z"}
{"level":"error","message":"Response: undefined","service":"user-backend","timestamp":"2026-08-11T17:06:21.003Z"}
{"level":"error","message":"URL: http://localhost:5000/api/workflow/execute/signup","service":"user-backend","timestamp":"2026-08-11T17:06:21.003Z"}
{"level":"error","message":"Error while sending signup workflow request for kiran.sadara6730@gmail.com","service":"user-backend","timestamp":"2026-08-11T17:06:21.016Z"}
{"level":"error","message":"Attempt: 2","service":"user-backend","timestamp":"2026-08-11T17:06:21.017Z"}
{"level":"error","message":"Error message: connect ECONNREFUSED ::1:5000; connect ECONNREFUSED 127.0.0.1:5000","service":"user-backend","timestamp":"2026-08-11T17:06:21.017Z"}
{"level":"error","message":"Status: undefined","service":"user-backend","timestamp":"2026-08-11T17:06:21.018Z"}
{"level":"error","message":"Response: undefined","service":"user-backend","timestamp":"2026-08-11T17:06:21.018Z"}
{"level":"error","message":"URL: http://localhost:5000/api/workflow/execute/signup","service":"user-backend","timestamp":"2026-08-11T17:06:21.018Z"}
{"level":"error","message":"Error while sending signup workflow request for kiran.sadara6730@gmail.com","service":"user-backend","timestamp":"2026-08-11T17:06:21.024Z"}
{"level":"error","message":"Attempt: 3","service":"user-backend","timestamp":"2026-08-11T17:06:21.025Z"}
{"level":"error","message":"Error message: connect ECONNREFUSED ::1:5000; connect ECONNREFUSED 127.0.0.1:5000","service":"user-backend","timestamp":"2026-08-11T17:06:21.026Z"}
{"level":"error","message":"Status: undefined","service":"user-backend","timestamp":"2026-08-11T17:06:21.026Z"}
{"level":"error","message":"Response: undefined","service":"user-backend","timestamp":"2026-08-11T17:06:21.027Z"}
{"level":"error","message":"URL: http://localhost:5000/api/workflow/execute/signup","service":"user-backend","timestamp":"2026-08-11T17:06:21.027Z"}
{"level":"error","message":"Error while sending signup workflow request for kiran.sadara6730@gmail.com","service":"user-backend","timestamp":"2026-08-11T17:06:21.175Z"}
{"level":"error","message":"Attempt: 1","service":"user-backend","timestamp":"2026-08-11T17:06:21.176Z"}
{"level":"error","message":"Error message: connect ECONNREFUSED ::1:5000; connect ECONNREFUSED 127.0.0.1:5000","service":"user-backend","timestamp":"2026-08-11T17:06:21.177Z"}
{"level":"error","message":"Status: undefined","service":"user-backend","timestamp":"2026-08-11T17:06:21.177Z"}
{"level":"error","message":"Response: undefined","service":"user-backend","timestamp":"2026-08-11T17:06:21.178Z"}
{"level":"error","message":"URL: http://localhost:5000/api/workflow/execute/signup","service":"user-backend","timestamp":"2026-08-11T17:06:21.178Z"}
{"level":"error","message":"Error while sending signup workflow request for kiran.sadara6730@gmail.com","service":"user-backend","timestamp":"2026-08-11T17:06:21.185Z"}
{"level":"error","message":"Attempt: 2","service":"user-backend","timestamp":"2026-08-11T17:06:21.185Z"}
{"level":"error","message":"Error message: connect ECONNREFUSED ::1:5000; connect ECONNREFUSED 127.0.0.1:5000","service":"user-backend","timestamp":"2026-08-11T17:06:21.186Z"}
{"level":"error","message":"Status: undefined","service":"user-backend","timestamp":"2026-08-11T17:06:21.186Z"}
{"level":"error","message":"Response: undefined","service":"user-backend","timestamp":"2026-08-11T17:06:21.186Z"}
{"level":"error","message":"URL: http://localhost:5000/api/workflow/execute/signup","service":"user-backend","timestamp":"2026-08-11T17:06:21.186Z"}
{"level":"error","message":"Error while sending signup workflow request for kiran.sadara6730@gmail.com","service":"user-backend","timestamp":"2026-08-11T17:06:21.192Z"}
{"level":"error","message":"Attempt: 3","service":"user-backend","timestamp":"2026-08-11T17:06:21.193Z"}
{"level":"error","message":"Error message: connect ECONNREFUSED ::1:5000; connect ECONNREFUSED 127.0.0.1:5000","service":"user-backend","timestamp":"2026-08-11T17:06:21.193Z"}
{"level":"error","message":"Status: undefined","service":"user-backend","timestamp":"2026-08-11T17:06:21.193Z"}
{"level":"error","message":"Response: undefined","service":"user-backend","timestamp":"2026-08-11T17:06:21.193Z"}
{"level":"error","message":"URL: http://localhost:5000/api/workflow/execute/signup","service":"user-backend","timestamp":"2026-08-11T17:06:21.193Z"}
{"level":"error","message":"Error while sending signup workflow request for kiran.sadara6730@gmail.com","service":"user-backend","timestamp":"2026-08-11T17:06:21.199Z"}
{"level":"error","message":"Attempt: 1","service":"user-backend","timestamp":"2026-08-11T17:06:21.199Z"}
{"level":"error","message":"Error message: connect ECONNREFUSED ::1:5000; connect ECONNREFUSED 127.0.0.1:5000","service":"user-backend","timestamp":"2026-08-11T17:06:21.200Z"}
{"level":"error","message":"Status: undefined","service":"user-backend","timestamp":"2026-08-11T17:06:21.200Z"}
{"level":"error","message":"Response: undefined","service":"user-backend","timestamp":"2026-08-11T17:06:21.200Z"}
{"level":"error","message":"URL: http://localhost:5000/api/workflow/execute/signup","service":"user-backend","timestamp":"2026-08-11T17:06:21.200Z"}
{"level":"error","message":"Error while sending signup workflow request for kiran.sadara6730@gmail.com","service":"user-backend","timestamp":"2026-08-11T17:06:21.206Z"}
{"level":"error","message":"Attempt: 2","service":"user-backend","timestamp":"2026-08-11T17:06:21.207Z"}
{"level":"error","message":"Error message: connect ECONNREFUSED ::1:5000; connect ECONNREFUSED 127.0.0.1:5000","service":"user-backend","timestamp":"2026-08-11T17:06:21.207Z"}
{"level":"error","message":"Status: undefined","service":"user-backend","timestamp":"2026-08-11T17:06:21.207Z"}
{"level":"error","message":"Response: undefined","service":"user-backend","timestamp":"2026-08-11T17:06:21.208Z"}
{"level":"error","message":"URL: http://localhost:5000/api/workflow/execute/signup","service":"user-backend","timestamp":"2026-08-11T17:06:21.208Z"}
{"level":"error","message":"Error while sending signup workflow request for kiran.sadara6730@gmail.com","service":"user-backend","timestamp":"2026-08-11T17:06:21.216Z"}
{"level":"error","message":"Attempt: 3","service":"user-backend","timestamp":"2026-08-11T17:06:21.216Z"}
{"level":"error","message":"Error message: connect ECONNREFUSED ::1:5000; connect ECONNREFUSED 127.0.0.1:5000","service":"user-backend","timestamp":"2026-08-11T17:06:21.217Z"}
{"level":"error","message":"Status: undefined","service":"user-backend","timestamp":"2026-08-11T17:06:21.217Z"}
{"level":"error","message":"Response: undefined","service":"user-backend","timestamp":"2026-08-11T17:06:21.217Z"}
{"level":"error","message":"URL: http://localhost:5000/api/workflow/execute/signup","service":"user-backend","timestamp":"2026-08-11T17:06:21.219Z"}
{"level":"error","message":"Error while sending signup workflow request for kiran.sadara6730@gmail.com","service":"user-backend","timestamp":"2026-08-11T17:06:21.271Z"}
{"level":"error","message":"Attempt: 1","service":"user-backend","timestamp":"2026-08-11T17:06:21.272Z"}
{"level":"error","message":"Error message: connect ECONNREFUSED ::1:5000; connect ECONNREFUSED 127.0.0.1:5000","service":"user-backend","timestamp":"2026-08-11T17:06:21.272Z"}
{"level":"error","message":"Status: undefined","service":"user-backend","timestamp":"2026-08-11T17:06:21.273Z"}
{"level":"error","message":"Response: undefined","service":"user-backend","timestamp":"2026-08-11T17:06:21.273Z"}
{"level":"error","message":"URL: http://localhost:5000/api/workflow/execute/signup","service":"user-backend","timestamp":"2026-08-11T17:06:21.273Z"}
{"level":"error","message":"Error while sending signup workflow request for kiran.sadara6730@gmail.com","service":"user-backend","timestamp":"2026-08-11T17:06:21.279Z"}
{"level":"error","message":"Attempt: 2","service":"user-backend","timestamp":"2026-08-11T17:06:21.279Z"}
{"level":"error","message":"Error message: connect ECONNREFUSED ::1:5000; connect ECONNREFUSED 127.0.0.1:5000","service":"user-backend","timestamp":"2026-08-11T17:06:21.280Z"}
{"level":"error","message":"Status: undefined","service":"user-backend","timestamp":"2026-08-11T17:06:21.280Z"}
{"level":"error","message":"Response: undefined","service":"user-backend","timestamp":"2026-08-11T17:06:21.280Z"}
{"level":"error","message":"URL: http://localhost:5000/api/workflow/execute/signup","service":"user-backend","timestamp":"2026-08-11T17:06:21.281Z"}
{"level":"error","message":"Error while sending signup workflow request for kiran.sadara6730@gmail.com","service":"user-backend","timestamp":"2026-08-11T17:06:21.286Z"}
{"level":"error","message":"Attempt: 3","service":"user-backend","timestamp":"2026-08-11T17:06:21.286Z"}
{"level":"error","message":"Error message: connect ECONNREFUSED ::1:5000; connect ECONNREFUSED 127.0.0.1:5000","service":"user-backend","timestamp":"2026-08-11T17:06:21.286Z"}
{"level":"error","message":"Status: undefined","service":"user-backend","timestamp":"2026-08-11T17:06:21.286Z"}
{"level":"error","message":"Response: undefined","service":"user-backend","timestamp":"2026-08-11T17:06:21.287Z"}
{"level":"error","message":"URL: http://localhost:5000/api/workflow/execute/signup","service":"user-backend","timestamp":"2026-08-11T17:06:21.287Z"}
{"level":"error","message":"Error while sending signup workflow request for kiran.sadara6730@gmail.com","service":"user-backend","timestamp":"2026-08-11T17:06:21.294Z"}
{"level":"error","message":"Attempt: 1","service":"user-backend","timestamp":"2026-08-11T17:06:21.294Z"}
{"level":"error","message":"Error message: connect ECONNREFUSED ::1:5000; connect ECONNREFUSED 127.0.0.1:5000","service":"user-backend","timestamp":"2026-08-11T17:06:21.294Z"}
{"level":"error","message":"Status: undefined","service":"user-backend","timestamp":"2026-08-11T17:06:21.295Z"}
{"level":"error","message":"Response: undefined","service":"user-backend","timestamp":"2026-08-11T17:06:21.295Z"}
{"level":"error","message":"URL: http://localhost:5000/api/workflow/execute/signup","service":"user-backend","timestamp":"2026-08-11T17:06:21.295Z"}
{"level":"error","message":"Error while sending signup workflow request for kiran.sadara6730@gmail.com","service":"user-backend","timestamp":"2026-08-11T17:06:21.300Z"}
{"level":"error","message":"Attempt: 2","service":"user-backend","timestamp":"2026-08-11T17:06:21.301Z"}
{"level":"error","message":"Error message: connect ECONNREFUSED ::1:5000; connect ECONNREFUSED 127.0.0.1:5000","service":"user-backend","timestamp":"2026-08-11T17:06:21.301Z"}
{"level":"error","message":"Status: undefined","service":"user-backend","timestamp":"2026-08-11T17:06:21.302Z"}
{"level":"error","message":"Response: undefined","service":"user-backend","timestamp":"2026-08-11T17:06:21.302Z"}
{"level":"error","message":"URL: http://localhost:5000/api/workflow/execute/signup","service":"user-backend","timestamp":"2026-08-11T17:06:21.302Z"}
{"level":"error","message":"Error while sending signup workflow request for kiran.sadara6730@gmail.com","service":"user-backend","timestamp":"2026-08-11T17:06:21.309Z"}
{"level":"error","message":"Attempt: 3","service":"user-backend","timestamp":"2026-08-11T17:06:21.309Z"}
{"level":"error","message":"Error message: connect ECONNREFUSED ::1:5000; connect ECONNREFUSED 127.0.0.1:5000","service":"user-backend","timestamp":"2026-08-11T17:06:21.309Z"}
{"level":"error","message":"Status: undefined","service":"user-backend","timestamp":"2026-08-11T17:06:21.309Z"}
{"level":"error","message":"Response: undefined","service":"user-backend","timestamp":"2026-08-11T17:06:21.310Z"}
{"level":"error","message":"URL: http://localhost:5000/api/workflow/execute/signup","service":"user-backend","timestamp":"2026-08-11T17:06:21.310Z"}
{"level":"error","message":"Error while sending signup workflow request for kiran.sadara6730@gmail.com","service":"user-backend","timestamp":"2026-08-11T17:06:21.458Z"}
{"level":"error","message":"Attempt: 1","service":"user-backend","timestamp":"2026-08-11T17:06:21.458Z"}
{"level":"error","message":"Error message: connect ECONNREFUSED ::1:5000; connect ECONNREFUSED 127.0.0.1:5000","service":"user-backend","timestamp":"2026-08-11T17:06:21.458Z"}
{"level":"error","message":"Status: undefined","service":"user-backend","timestamp":"2026-08-11T17:06:21.459Z"}
{"level":"error","message":"Response: undefined","service":"user-backend","timestamp":"2026-08-11T17:06:21.459Z"}
{"level":"error","message":"URL: http://localhost:5000/api/workflow/execute/signup","service":"user-backend","timestamp":"2026-08-11T17:06:21.459Z"}
{"level":"error","message":"Error while sending signup workflow request for kiran.sadara6730@gmail.com","service":"user-backend","timestamp":"2026-08-11T17:06:21.464Z"}
{"level":"error","message":"Attempt: 2","service":"user-backend","timestamp":"2026-08-11T17:06:21.464Z"}
{"level":"error","message":"Error message: connect ECONNREFUSED ::1:5000; connect ECONNREFUSED 127.0.0.1:5000","service":"user-backend","timestamp":"2026-08-11T17:06:21.465Z"}
{"level":"error","message":"Status: undefined","service":"user-backend","timestamp":"2026-08-11T17:06:21.465Z"}
{"level":"error","message":"Response: undefined","service":"user-backend","timestamp":"2026-08-11T17:06:21.465Z"}
{"level":"error","message":"URL: http://localhost:5000/api/workflow/execute/signup","service":"user-backend","timestamp":"2026-08-11T17:06:21.466Z"}
{"level":"error","message":"Error while sending signup workflow request for kiran.sadara6730@gmail.com","service":"user-backend","timestamp":"2026-08-11T17:06:21.471Z"}
{"level":"error","message":"Attempt: 3","service":"user-backend","timestamp":"2026-08-11T17:06:21.471Z"}
{"level":"error","message":"Error message: connect ECONNREFUSED ::1:5000; connect ECONNREFUSED 127.0.0.1:5000","service":"user-backend","timestamp":"2026-08-11T17:06:21.472Z"}
{"level":"error","message":"Status: undefined","service":"user-backend","timestamp":"2026-08-11T17:06:21.472Z"}
{"level":"error","message":"Response: undefined","service":"user-backend","timestamp":"2026-08-11T17:06:21.472Z"}
{"level":"error","message":"URL: http://localhost:5000/api/workflow/execute/signup","service":"user-backend","timestamp":"2026-08-11T17:06:21.472Z"}
{"level":"error","message":"Error while sending signup workflow request for kiran.sadara6730@gmail.com","service":"user-backend","timestamp":"2026-08-11T17:06:21.476Z"}
{"level":"error","message":"Attempt: 1","service":"user-backend","timestamp":"2026-08-11T17:06:21.476Z"}
{"level":"error","message":"Error message: connect ECONNREFUSED ::1:5000; connect ECONNREFUSED 127.0.0.1:5000","service":"user-backend","timestamp":"2026-08-11T17:06:21.476Z"}
{"level":"error","message":"Status: undefined","service":"user-backend","timestamp":"2026-08-11T17:06:21.476Z"}
{"level":"error","message":"Response: undefined","service":"user-backend","timestamp":"2026-08-11T17:06:21.476Z"}
{"level":"error","message":"URL: http://localhost:5000/api/workflow/execute/signup","service":"user-backend","timestamp":"2026-08-11T17:06:21.477Z"}
{"level":"error","message":"Error while sending signup workflow request for kiran.sadara6730@gmail.com","service":"user-backend","timestamp":"2026-08-11T17:06:21.481Z"}
{"level":"error","message":"Attempt: 2","service":"user-backend","timestamp":"2026-08-11T17:06:21.482Z"}
{"level":"error","message":"Error message: connect ECONNREFUSED ::1:5000; connect ECONNREFUSED 127.0.0.1:5000","service":"user-backend","timestamp":"2026-08-11T17:06:21.482Z"}
{"level":"error","message":"Status: undefined","service":"user-backend","timestamp":"2026-08-11T17:06:21.482Z"}
{"level":"error","message":"Response: undefined","service":"user-backend","timestamp":"2026-08-11T17:06:21.482Z"}
{"level":"error","message":"URL: http://localhost:5000/api/workflow/execute/signup","service":"user-backend","timestamp":"2026-08-11T17:06:21.482Z"}
{"level":"error","message":"Error while sending signup workflow request for kiran.sadara6730@gmail.com","service":"user-backend","timestamp":"2026-08-11T17:06:21.486Z"}
{"level":"error","message":"Attempt: 3","service":"user-backend","timestamp":"2026-08-11T17:06:21.486Z"}
{"level":"error","message":"Error message: connect ECONNREFUSED ::1:5000; connect ECONNREFUSED 127.0.0.1:5000","service":"user-backend","timestamp":"2026-08-11T17:06:21.487Z"}
{"level":"error","message":"Status: undefined","service":"user-backend","timestamp":"2026-08-11T17:06:21.487Z"}
{"level":"error","message":"Response: undefined","service":"user-backend","timestamp":"2026-08-11T17:06:21.487Z"}
{"level":"error","message":"URL: http://localhost:5000/api/workflow/execute/signup","service":"user-backend","timestamp":"2026-08-11T17:06:21.487Z"}
{"level":"error","message":"Error while sending signup workflow request for kiran.sadara6730@gmail.com","service":"user-backend","timestamp":"2026-08-11T17:06:21.491Z"}
{"level":"error","message":"Attempt: 1","service":"user-backend","timestamp":"2026-08-11T17:06:21.491Z"}
{"level":"error","message":"Error message: connect ECONNREFUSED ::1:5000; connect ECONNREFUSED 127.0.0.1:5000","service":"user-backend","timestamp":"2026-08-11T17:06:21.491Z"}
{"level":"error","message":"Status: undefined","service":"user-backend","timestamp":"2026-08-11T17:06:21.492Z"}
{"level":"error","message":"Response: undefined","service":"user-backend","timestamp":"2026-08-11T17:06:21.492Z"}
{"level":"error","message":"URL: http://localhost:5000/api/workflow/execute/signup","service":"user-backend","timestamp":"2026-08-11T17:06:21.492Z"}
{"level":"error","message":"Error while sending signup workflow request for kiran.sadara6730@gmail.com","service":"user-backend","timestamp":"2026-08-11T17:06:21.498Z"}
{"level":"error","message":"Attempt: 2","service":"user-backend","timestamp":"2026-08-11T17:06:21.498Z"}
{"level":"error","message":"Error message: connect ECONNREFUSED ::1:5000; connect ECONNREFUSED 127.0.0.1:5000","service":"user-backend","timestamp":"2026-08-11T17:06:21.499Z"}
{"level":"error","message":"Status: undefined","service":"user-backend","timestamp":"2026-08-11T17:06:21.499Z"}
{"level":"error","message":"Response: undefined","service":"user-backend","timestamp":"2026-08-11T17:06:21.499Z"}
{"level":"error","message":"URL: http://localhost:5000/api/workflow/execute/signup","service":"user-backend","timestamp":"2026-08-11T17:06:21.499Z"}
{"level":"error","message":"Error while sending signup workflow request for kiran.sadara6730@gmail.com","service":"user-backend","timestamp":"2026-08-11T17:06:21.503Z"}
{"level":"error","message":"Attempt: 3","service":"user-backend","timestamp":"2026-08-11T17:06:21.503Z"}
{"level":"error","message":"Error message: connect ECONNREFUSED ::1:5000; connect ECONNREFUSED 127.0.0.1:5000","service":"user-backend","timestamp":"2026-08-11T17:06:21.503Z"}
{"level":"error","message":"Status: undefined","service":"user-backend","timestamp":"2026-08-11T17:06:21.503Z"}
{"level":"error","message":"Response: undefined","service":"user-backend","timestamp":"2026-08-11T17:06:21.504Z"}
{"level":"error","message":"URL: http://localhost:5000/api/workflow/execute/signup","service":"user-backend","timestamp":"2026-08-11T17:06:21.504Z"}
{"level":"error","message":"Error while sending signup workflow request for kiran.sadara6730@gmail.com","service":"user-backend","timestamp":"2026-08-11T17:06:21.523Z"}
{"level":"error","message":"Attempt: 1","service":"user-backend","timestamp":"2026-08-11T17:06:21.523Z"}
{"level":"error","message":"Error message: connect ECONNREFUSED ::1:5000; connect ECONNREFUSED 127.0.0.1:5000","service":"user-backend","timestamp":"2026-08-11T17:06:21.524Z"}
{"level":"error","message":"Status: undefined","service":"user-backend","timestamp":"2026-08-11T17:06:21.524Z"}
{"level":"error","message":"Response: undefined","service":"user-backend","timestamp":"2026-08-11T17:06:21.524Z"}
{"level":"error","message":"URL: http://localhost:5000/api/workflow/execute/signup","service":"user-backend","timestamp":"2026-08-11T17:06:21.524Z"}
{"level":"error","message":"Error while sending signup workflow request for kiran.sadara6730@gmail.com","service":"user-backend","timestamp":"2026-08-11T17:06:21.528Z"}
{"level":"error","message":"Attempt: 2","service":"user-backend","timestamp":"2026-08-11T17:06:21.528Z"}
{"level":"error","message":"Error message: connect ECONNREFUSED ::1:5000; connect ECONNREFUSED 127.0.0.1:5000","service":"user-backend","timestamp":"2026-08-11T17:06:21.528Z"}
{"level":"error","message":"Status: undefined","service":"user-backend","timestamp":"2026-08-11T17:06:21.529Z"}
{"level":"error","message":"Response: undefined","service":"user-backend","timestamp":"2026-08-11T17:06:21.530Z"}
{"level":"error","message":"URL: http://localhost:5000/api/workflow/execute/signup","service":"user-backend","timestamp":"2026-08-11T17:06:21.530Z"}
{"level":"error","message":"Error while sending signup workflow request for kiran.sadara6730@gmail.com","service":"user-backend","timestamp":"2026-08-11T17:06:21.537Z"}
{"level":"error","message":"Attempt: 3","service":"user-backend","timestamp":"2026-08-11T17:06:21.537Z"}
{"level":"error","message":"Error message: connect ECONNREFUSED ::1:5000; connect ECONNREFUSED 127.0.0.1:5000","service":"user-backend","timestamp":"2026-08-11T17:06:21.538Z"}
{"level":"error","message":"Status: undefined","service":"user-backend","timestamp":"2026-08-11T17:06:21.538Z"}
{"level":"error","message":"Response: undefined","service":"user-backend","timestamp":"2026-08-11T17:06:21.539Z"}
{"level":"error","message":"URL: http://localhost:5000/api/workflow/execute/signup","service":"user-backend","timestamp":"2026-08-11T17:06:21.539Z"}
{"level":"error","message":"Error while sending signup workflow request for kiran.sadara6730@gmail.com","service":"user-backend","timestamp":"2026-08-11T17:06:21.544Z"}
{"level":"error","message":"Attempt: 1","service":"user-backend","timestamp":"2026-08-11T17:06:21.544Z"}
{"level":"error","message":"Error message: connect ECONNREFUSED ::1:5000; connect ECONNREFUSED 127.0.0.1:5000","service":"user-backend","timestamp":"2026-08-11T17:06:21.544Z"}
{"level":"error","message":"Status: undefined","service":"user-backend","timestamp":"2026-08-11T17:06:21.544Z"}
{"level":"error","message":"Response: undefined","service":"user-backend","timestamp":"2026-08-11T17:06:21.545Z"}
{"level":"error","message":"URL: http://localhost:5000/api/workflow/execute/signup","service":"user-backend","timestamp":"2026-08-11T17:06:21.546Z"}
{"level":"error","message":"Error while sending signup workflow request for kiran.sadara6730@gmail.com","service":"user-backend","timestamp":"2026-08-11T17:06:21.551Z"}
{"level":"error","message":"Attempt: 2","service":"user-backend","timestamp":"2026-08-11T17:06:21.551Z"}
{"level":"error","message":"Error message: connect ECONNREFUSED ::1:5000; connect ECONNREFUSED 127.0.0.1:5000","service":"user-backend","timestamp":"2026-08-11T17:06:21.552Z"}
{"level":"error","message":"Status: undefined","service":"user-backend","timestamp":"2026-08-11T17:06:21.552Z"}
{"level":"error","message":"Response: undefined","service":"user-backend","timestamp":"2026-08-11T17:06:21.552Z"}
{"level":"error","message":"URL: http://localhost:5000/api/workflow/execute/signup","service":"user-backend","timestamp":"2026-08-11T17:06:21.552Z"}
{"level":"error","message":"Error while sending signup workflow request for kiran.sadara6730@gmail.com","service":"user-backend","timestamp":"2026-08-11T17:06:21.557Z"}
{"level":"error","message":"Attempt: 3","service":"user-backend","timestamp":"2026-08-11T17:06:21.557Z"}
{"level":"error","message":"Error message: connect ECONNREFUSED ::1:5000; connect ECONNREFUSED 127.0.0.1:5000","service":"user-backend","timestamp":"2026-08-11T17:06:21.557Z"}
{"level":"error","message":"Status: undefined","service":"user-backend","timestamp":"2026-08-11T17:06:21.558Z"}
{"level":"error","message":"Response: undefined","service":"user-backend","timestamp":"2026-08-11T17:06:21.558Z"}
{"level":"error","message":"URL: http://localhost:5000/api/workflow/execute/signup","service":"user-backend","timestamp":"2026-08-11T17:06:21.558Z"}
{"level":"error","message":"Error while sending signup workflow request for kiran.sadara6730@gmail.com","service":"user-backend","timestamp":"2026-08-11T17:08:38.487Z"}
{"level":"error","message":"Attempt: 1","service":"user-backend","timestamp":"2026-08-11T17:08:38.488Z"}
{"level":"error","message":"Error message: read ECONNRESET","service":"user-backend","timestamp":"2026-08-11T17:08:38.488Z"}
{"level":"error","message":"Status: undefined","service":"user-backend","timestamp":"2026-08-11T17:08:38.488Z"}
{"level":"error","message":"Response: undefined","service":"user-backend","timestamp":"2026-08-11T17:08:38.488Z"}
{"level":"error","message":"URL: http://localhost:5000/api/workflow/execute/signup","service":"user-backend","timestamp":"2026-08-11T17:08:38.488Z"}
{"level":"error","message":"Error while sending signup workflow request for kiran.sadara6730@gmail.com","service":"user-backend","timestamp":"2026-08-11T17:08:38.537Z"}
{"level":"error","message":"Attempt: 2","service":"user-backend","timestamp":"2026-08-11T17:08:38.537Z"}
{"level":"error","message":"Error message: connect ECONNREFUSED ::1:5000; connect ECONNREFUSED 127.0.0.1:5000","service":"user-backend","timestamp":"2026-08-11T17:08:38.538Z"}
{"level":"error","message":"Status: undefined","service":"user-backend","timestamp":"2026-08-11T17:08:38.538Z"}
{"level":"error","message":"Response: undefined","service":"user-backend","timestamp":"2026-08-11T17:08:38.538Z"}
{"level":"error","message":"URL: http://localhost:5000/api/workflow/execute/signup","service":"user-backend","timestamp":"2026-08-11T17:08:38.538Z"}
{"level":"error","message":"Error while sending signup workflow request for kiran.sadara6730@gmail.com","service":"user-backend","timestamp":"2026-08-11T17:08:38.544Z"}
{"level":"error","message":"Attempt: 3","service":"user-backend","timestamp":"2026-08-11T17:08:38.544Z"}
{"level":"error","message":"Error message: connect ECONNREFUSED ::1:5000; connect ECONNREFUSED 127.0.0.1:5000","service":"user-backend","timestamp":"2026-08-11T17:08:38.544Z"}
{"level":"error","message":"Status: undefined","service":"user-backend","timestamp":"2026-08-11T17:08:38.544Z"}
{"level":"error","message":"Response: undefined","service":"user-backend","timestamp":"2026-08-11T17:08:38.545Z"}
{"level":"error","message":"URL: http://localhost:5000/api/workflow/execute/signup","service":"user-backend","timestamp":"2026-08-11T17:08:38.545Z"}
{"level":"error","message":"Error while sending signup workflow request for kiran.sadara6730@gmail.com","service":"user-backend","timestamp":"2026-08-11T17:08:38.675Z"}
{"level":"error","message":"Attempt: 1","service":"user-backend","timestamp":"2026-08-11T17:08:38.675Z"}
{"level":"error","message":"Error message: connect ECONNREFUSED ::1:5000; connect ECONNREFUSED 127.0.0.1:5000","service":"user-backend","timestamp":"2026-08-11T17:08:38.676Z"}
{"level":"error","message":"Status: undefined","service":"user-backend","timestamp":"2026-08-11T17:08:38.676Z"}
{"level":"error","message":"Response: undefined","service":"user-backend","timestamp":"2026-08-11T17:08:38.676Z"}
{"level":"error","message":"URL: http://localhost:5000/api/workflow/execute/signup","service":"user-backend","timestamp":"2026-08-11T17:08:38.676Z"}
{"level":"error","message":"Error while sending signup workflow request for kiran.sadara6730@gmail.com","service":"user-backend","timestamp":"2026-08-11T17:08:38.680Z"}
{"level":"error","message":"Attempt: 2","service":"user-backend","timestamp":"2026-08-11T17:08:38.680Z"}
{"level":"error","message":"Error message: connect ECONNREFUSED ::1:5000; connect ECONNREFUSED 127.0.0.1:5000","service":"user-backend","timestamp":"2026-08-11T17:08:38.680Z"}
{"level":"error","message":"Status: undefined","service":"user-backend","timestamp":"2026-08-11T17:08:38.681Z"}
{"level":"error","message":"Response: undefined","service":"user-backend","timestamp":"2026-08-11T17:08:38.681Z"}
{"level":"error","message":"URL: http://localhost:5000/api/workflow/execute/signup","service":"user-backend","timestamp":"2026-08-11T17:08:38.681Z"}
{"level":"error","message":"Error while sending signup workflow request for kiran.sadara6730@gmail.com","service":"user-backend","timestamp":"2026-08-11T17:08:38.687Z"}
{"level":"error","message":"Attempt: 3","service":"user-backend","timestamp":"2026-08-11T17:08:38.688Z"}
{"level":"error","message":"Error message: connect ECONNREFUSED ::1:5000; connect ECONNREFUSED 127.0.0.1:5000","service":"user-backend","timestamp":"2026-08-11T17:08:38.688Z"}
{"level":"error","message":"Status: undefined","service":"user-backend","timestamp":"2026-08-11T17:08:38.688Z"}
{"level":"error","message":"Response: undefined","service":"user-backend","timestamp":"2026-08-11T17:08:38.690Z"}
{"level":"error","message":"URL: http://localhost:5000/api/workflow/execute/signup","service":"user-backend","timestamp":"2026-08-11T17:08:38.690Z"}
{"level":"error","message":"Error while sending signup workflow request for kiran.sadara6730@gmail.com","service":"user-backend","timestamp":"2026-08-11T17:10:34.686Z"}
{"level":"error","message":"Attempt: 1","service":"user-backend","timestamp":"2026-08-11T17:10:34.687Z"}
{"level":"error","message":"Error message: read ECONNRESET","service":"user-backend","timestamp":"2026-08-11T17:10:34.687Z"}
{"level":"error","message":"Status: undefined","service":"user-backend","timestamp":"2026-08-11T17:10:34.687Z"}
{"level":"error","message":"Response: undefined","service":"user-backend","timestamp":"2026-08-11T17:10:34.687Z"}
{"level":"error","message":"URL: http://localhost:5000/api/workflow/execute/signup","service":"user-backend","timestamp":"2026-08-11T17:10:34.687Z"}
{"level":"error","message":"Error while sending signup workflow request for kiran.sadara6730@gmail.com","service":"user-backend","timestamp":"2026-08-11T17:10:34.694Z"}
{"level":"error","message":"Attempt: 2","service":"user-backend","timestamp":"2026-08-11T17:10:34.694Z"}
{"level":"error","message":"Error message: connect ECONNREFUSED ::1:5000; connect ECONNREFUSED 127.0.0.1:5000","service":"user-backend","timestamp":"2026-08-11T17:10:34.694Z"}
{"level":"error","message":"Status: undefined","service":"user-backend","timestamp":"2026-08-11T17:10:34.694Z"}
{"level":"error","message":"Response: undefined","service":"user-backend","timestamp":"2026-08-11T17:10:34.695Z"}
{"level":"error","message":"URL: http://localhost:5000/api/workflow/execute/signup","service":"user-backend","timestamp":"2026-08-11T17:10:34.695Z"}
{"level":"error","message":"Error while sending signup workflow request for kiran.sadara6730@gmail.com","service":"user-backend","timestamp":"2026-08-11T17:10:34.698Z"}
{"level":"error","message":"Attempt: 3","service":"user-backend","timestamp":"2026-08-11T17:10:34.698Z"}
{"level":"error","message":"Error message: connect ECONNREFUSED ::1:5000; connect ECONNREFUSED 127.0.0.1:5000","service":"user-backend","timestamp":"2026-08-11T17:10:34.698Z"}
{"level":"error","message":"Status: undefined","service":"user-backend","timestamp":"2026-08-11T17:10:34.698Z"}
{"level":"error","message":"Response: undefined","service":"user-backend","timestamp":"2026-08-11T17:10:34.699Z"}
{"level":"error","message":"URL: http://localhost:5000/api/workflow/execute/signup","service":"user-backend","timestamp":"2026-08-11T17:10:34.699Z"}
{"level":"error","message":"Error while sending signup workflow request for kiran.sadara6730@gmail.com","service":"user-backend","timestamp":"2026-08-11T17:10:35.034Z"}
{"level":"error","message":"Attempt: 1","service":"user-backend","timestamp":"2026-08-11T17:10:35.034Z"}
{"level":"error","message":"Error message: connect ECONNREFUSED ::1:5000; connect ECONNREFUSED 127.0.0.1:5000","service":"user-backend","timestamp":"2026-08-11T17:10:35.034Z"}
{"level":"error","message":"Status: undefined","service":"user-backend","timestamp":"2026-08-11T17:10:35.035Z"}
{"level":"error","message":"Response: undefined","service":"user-backend","timestamp":"2026-08-11T17:10:35.035Z"}
{"level":"error","message":"URL: http://localhost:5000/api/workflow/execute/signup","service":"user-backend","timestamp":"2026-08-11T17:10:35.035Z"}
{"level":"error","message":"Error while sending signup workflow request for kiran.sadara6730@gmail.com","service":"user-backend","timestamp":"2026-08-11T17:10:35.039Z"}
{"level":"error","message":"Attempt: 2","service":"user-backend","timestamp":"2026-08-11T17:10:35.040Z"}
{"level":"error","message":"Error message: connect ECONNREFUSED ::1:5000; connect ECONNREFUSED 127.0.0.1:5000","service":"user-backend","timestamp":"2026-08-11T17:10:35.040Z"}
{"level":"error","message":"Status: undefined","service":"user-backend","timestamp":"2026-08-11T17:10:35.040Z"}
{"level":"error","message":"Response: undefined","service":"user-backend","timestamp":"2026-08-11T17:10:35.040Z"}
{"level":"error","message":"URL: http://localhost:5000/api/workflow/execute/signup","service":"user-backend","timestamp":"2026-08-11T17:10:35.040Z"}
{"level":"error","message":"Error while sending signup workflow request for kiran.sadara6730@gmail.com","service":"user-backend","timestamp":"2026-08-11T17:10:35.044Z"}
{"level":"error","message":"Attempt: 3","service":"user-backend","timestamp":"2026-08-11T17:10:35.045Z"}
{"level":"error","message":"Error message: connect ECONNREFUSED ::1:5000; connect ECONNREFUSED 127.0.0.1:5000","service":"user-backend","timestamp":"2026-08-11T17:10:35.045Z"}
{"level":"error","message":"Status: undefined","service":"user-backend","timestamp":"2026-08-11T17:10:35.045Z"}
{"level":"error","message":"Response: undefined","service":"user-backend","timestamp":"2026-08-11T17:10:35.045Z"}
{"level":"error","message":"URL: http://localhost:5000/api/workflow/execute/signup","service":"user-backend","timestamp":"2026-08-11T17:10:35.045Z"}
{"level":"error","message":"Error while sending signup workflow request for kiran.sadara6730@gmail.com","service":"user-backend","timestamp":"2026-08-11T17:11:07.261Z"}
{"level":"error","message":"Attempt: 1","service":"user-backend","timestamp":"2026-08-11T17:11:07.261Z"}
{"level":"error","message":"Error message: connect ECONNREFUSED ::1:5000; connect ECONNREFUSED 127.0.0.1:5000","service":"user-backend","timestamp":"2026-08-11T17:11:07.261Z"}
{"level":"error","message":"Status: undefined","service":"user-backend","timestamp":"2026-08-11T17:11:07.261Z"}
{"level":"error","message":"Response: undefined","service":"user-backend","timestamp":"2026-08-11T17:11:07.262Z"}
{"level":"error","message":"URL: http://localhost:5000/api/workflow/execute/signup","service":"user-backend","timestamp":"2026-08-11T17:11:07.262Z"}
{"level":"error","message":"Error while sending signup workflow request for kiran.sadara6730@gmail.com","service":"user-backend","timestamp":"2026-08-11T17:11:07.268Z"}
{"level":"error","message":"Attempt: 2","service":"user-backend","timestamp":"2026-08-11T17:11:07.269Z"}
{"level":"error","message":"Error message: connect ECONNREFUSED ::1:5000; connect ECONNREFUSED 127.0.0.1:5000","service":"user-backend","timestamp":"2026-08-11T17:11:07.269Z"}
{"level":"error","message":"Status: undefined","service":"user-backend","timestamp":"2026-08-11T17:11:07.270Z"}
{"level":"error","message":"Response: undefined","service":"user-backend","timestamp":"2026-08-11T17:11:07.271Z"}
{"level":"error","message":"URL: http://localhost:5000/api/workflow/execute/signup","service":"user-backend","timestamp":"2026-08-11T17:11:07.272Z"}
{"level":"error","message":"Error while sending signup workflow request for kiran.sadara6730@gmail.com","service":"user-backend","timestamp":"2026-08-11T17:11:07.278Z"}
{"level":"error","message":"Attempt: 3","service":"user-backend","timestamp":"2026-08-11T17:11:07.278Z"}
{"level":"error","message":"Error message: connect ECONNREFUSED ::1:5000; connect ECONNREFUSED 127.0.0.1:5000","service":"user-backend","timestamp":"2026-08-11T17:11:07.279Z"}
{"level":"error","message":"Status: undefined","service":"user-backend","timestamp":"2026-08-11T17:11:07.280Z"}
{"level":"error","message":"Response: undefined","service":"user-backend","timestamp":"2026-08-11T17:11:07.281Z"}
{"level":"error","message":"URL: http://localhost:5000/api/workflow/execute/signup","service":"user-backend","timestamp":"2026-08-11T17:11:07.281Z"}
{"level":"error","message":"Error while sending signup workflow request for kiran.sadara6730@gmail.com","service":"user-backend","timestamp":"2026-08-11T17:12:42.790Z"}
{"level":"error","message":"Attempt: 1","service":"user-backend","timestamp":"2026-08-11T17:12:42.792Z"}
{"level":"error","message":"Error message: Request failed with status code 400","service":"user-backend","timestamp":"2026-08-11T17:12:42.792Z"}
{"level":"error","message":"Status: 400","service":"user-backend","timestamp":"2026-08-11T17:12:42.792Z"}
{"level":"error","message":"Response: {\"message\":\"Fields required for signup flow are missing\"}","service":"user-backend","timestamp":"2026-08-11T17:12:42.792Z"}
{"level":"error","message":"URL: http://localhost:5000/api/workflow/execute/signup","service":"user-backend","timestamp":"2026-08-11T17:12:42.792Z"}
{"level":"error","message":"Error while sending signup workflow request for kiran.sadara6730@gmail.com","service":"user-backend","timestamp":"2026-08-11T17:12:42.804Z"}
{"level":"error","message":"Attempt: 2","service":"user-backend","timestamp":"2026-08-11T17:12:42.805Z"}
{"level":"error","message":"Error message: Request failed with status code 400","service":"user-backend","timestamp":"2026-08-11T17:12:42.805Z"}
{"level":"error","message":"Status: 400","service":"user-backend","timestamp":"2026-08-11T17:12:42.805Z"}
{"level":"error","message":"Response: {\"message\":\"Fields required for signup flow are missing\"}","service":"user-backend","timestamp":"2026-08-11T17:12:42.805Z"}
{"level":"error","message":"URL: http://localhost:5000/api/workflow/execute/signup","service":"user-backend","timestamp":"2026-08-11T17:12:42.805Z"}
{"level":"error","message":"Error while sending signup workflow request for kiran.sadara6730@gmail.com","service":"user-backend","timestamp":"2026-08-11T17:12:42.811Z"}
{"level":"error","message":"Attempt: 3","service":"user-backend","timestamp":"2026-08-11T17:12:42.811Z"}
{"level":"error","message":"Error message: Request failed with status code 400","service":"user-backend","timestamp":"2026-08-11T17:12:42.812Z"}
{"level":"error","message":"Status: 400","service":"user-backend","timestamp":"2026-08-11T17:12:42.812Z"}
{"level":"error","message":"Response: {\"message\":\"Fields required for signup flow are missing\"}","service":"user-backend","timestamp":"2026-08-11T17:12:42.812Z"}
{"level":"error","message":"URL: http://localhost:5000/api/workflow/execute/signup","service":"user-backend","timestamp":"2026-08-11T17:12:42.812Z"}
{"level":"error","message":"Error while sending signup workflow request for kiran.sadara6730@gmail.com","service":"user-backend","timestamp":"2026-08-11T17:14:32.180Z"}
{"level":"error","message":"Attempt: 1","service":"user-backend","timestamp":"2026-08-11T17:14:32.181Z"}
{"level":"error","message":"Error message: Request failed with status code 500","service":"user-backend","timestamp":"2026-08-11T17:14:32.182Z"}
{"level":"error","message":"Status: 500","service":"user-backend","timestamp":"2026-08-11T17:14:32.182Z"}
{"level":"error","message":"Response: {\"message\":\"Internal server Error\"}","service":"user-backend","timestamp":"2026-08-11T17:14:32.183Z"}
{"level":"error","message":"URL: http://localhost:5000/api/workflow/execute/signup","service":"user-backend","timestamp":"2026-08-11T17:14:32.183Z"}
{"level":"error","message":"Error while sending signup workflow request for kiran.sadara6730@gmail.com","service":"user-backend","timestamp":"2026-08-11T17:14:32.189Z"}
{"level":"error","message":"Attempt: 2","service":"user-backend","timestamp":"2026-08-11T17:14:32.190Z"}
{"level":"error","message":"Error message: Request failed with status code 500","service":"user-backend","timestamp":"2026-08-11T17:14:32.190Z"}
{"level":"error","message":"Status: 500","service":"user-backend","timestamp":"2026-08-11T17:14:32.190Z"}
{"level":"error","message":"Response: {\"message\":\"Internal server Error\"}","service":"user-backend","timestamp":"2026-08-11T17:14:32.190Z"}
{"level":"error","message":"URL: http://localhost:5000/api/workflow/execute/signup","service":"user-backend","timestamp":"2026-08-11T17:14:32.190Z"}
{"level":"error","message":"Error while sending signup workflow request for kiran.sadara6730@gmail.com","service":"user-backend","timestamp":"2026-08-11T17:14:32.198Z"}
{"level":"error","message":"Attempt: 3","service":"user-backend","timestamp":"2026-08-11T17:14:32.199Z"}
{"level":"error","message":"Error message: Request failed with status code 500","service":"user-backend","timestamp":"2026-08-11T17:14:32.199Z"}
{"level":"error","message":"Status: 500","service":"user-backend","timestamp":"2026-08-11T17:14:32.199Z"}
{"level":"error","message":"Response: {\"message\":\"Internal server Error\"}","service":"user-backend","timestamp":"2026-08-11T17:14:32.200Z"}
{"level":"error","message":"URL: http://localhost:5000/api/workflow/execute/signup","service":"user-backend","timestamp":"2026-08-11T17:14:32.200Z"}
{"level":"error","message":"Error while sending signup workflow request for kiran.sadara6730@gmail.com","service":"user-backend","timestamp":"2026-08-11T17:15:36.245Z"}
{"level":"error","message":"Attempt: 1","service":"user-backend","timestamp":"2026-08-11T17:15:36.246Z"}
{"level":"error","message":"Error message: Request failed with status code 500","service":"user-backend","timestamp":"2026-08-11T17:15:36.246Z"}
{"level":"error","message":"Status: 500","service":"user-backend","timestamp":"2026-08-11T17:15:36.247Z"}
{"level":"error","message":"Response: {\"message\":\"Internal server Error\"}","service":"user-backend","timestamp":"2026-08-11T17:15:36.247Z"}
{"level":"error","message":"URL: http://localhost:5000/api/workflow/execute/signup","service":"user-backend","timestamp":"2026-08-11T17:15:36.247Z"}
{"level":"error","message":"Error while sending signup workflow request for kiran.sadara6730@gmail.com","service":"user-backend","timestamp":"2026-08-11T17:15:36.328Z"}
{"level":"error","message":"Attempt: 2","service":"user-backend","timestamp":"2026-08-11T17:15:36.329Z"}
{"level":"error","message":"Error message: Request failed with status code 500","service":"user-backend","timestamp":"2026-08-11T17:15:36.330Z"}
{"level":"error","message":"Status: 500","service":"user-backend","timestamp":"2026-08-11T17:15:36.330Z"}
{"level":"error","message":"Response: {\"message\":\"Internal server Error\"}","service":"user-backend","timestamp":"2026-08-11T17:15:36.330Z"}
{"level":"error","message":"URL: http://localhost:5000/api/workflow/execute/signup","service":"user-backend","timestamp":"2026-08-11T17:15:36.331Z"}
{"level":"error","message":"Error while sending signup workflow request for kiran.sadara6730@gmail.com","service":"user-backend","timestamp":"2026-08-11T17:15:36.536Z"}
{"level":"error","message":"Attempt: 3","service":"user-backend","timestamp":"2026-08-11T17:15:36.536Z"}
{"level":"error","message":"Error message: Request failed with status code 500","service":"user-backend","timestamp":"2026-08-11T17:15:36.537Z"}
{"level":"error","message":"Status: 500","service":"user-backend","timestamp":"2026-08-11T17:15:36.537Z"}
{"level":"error","message":"Response: {\"message\":\"Internal server Error\"}","service":"user-backend","timestamp":"2026-08-11T17:15:36.537Z"}
{"level":"error","message":"URL: http://localhost:5000/api/workflow/execute/signup","service":"user-backend","timestamp":"2026-08-11T17:15:36.537Z"}
{"error":{},"level":"error","message":"Error during sign up","service":"user-backend","timestamp":"2026-08-11T17:17:37.155Z"}
{"level":"error","message":"Error while sending signup workflow request for kiran.sadara6730@gmail.com","service":"user-backend","timestamp":"2026-08-11T17:20:12.757Z"}
{"level":"error","message":"Attempt: 1","service":"user-backend","timestamp":"2026-08-11T17:20:12.758Z"}
{"level":"error","message":"Error message: Request failed with status code 500","service":"user-backend","timestamp":"2026-08-11T17:20:12.758Z"}
{"level":"error","message":"Status: 500","service":"user-backend","timestamp":"2026-08-11T17:20:12.758Z"}
{"level":"error","message":"Response: {\"message\":\"Internal server Error\"}","service":"user-backend","timestamp":"2026-08-11T17:20:12.758Z"}
{"level":"error","message":"URL: http://localhost:5000/api/workflow/execute/signup","service":"user-backend","timestamp":"2026-08-11T17:20:12.758Z"}
{"level":"error","message":"Error while sending signup workflow request for kiran.sadara6730@gmail.com","service":"user-backend","timestamp":"2026-08-11T17:20:13.164Z"}
{"level":"error","message":"Attempt: 2","service":"user-backend","timestamp":"2026-08-11T17:20:13.165Z"}
{"level":"error","message":"Error message: Request failed with status code 500","service":"user-backend","timestamp":"2026-08-11T17:20:13.165Z"}
{"level":"error","message":"Status: 500","service":"user-backend","timestamp":"2026-08-11T17:20:13.165Z"}
{"level":"error","message":"Response: {\"message\":\"Internal server Error\"}","service":"user-backend","timestamp":"2026-08-11T17:20:13.166Z"}
{"level":"error","message":"URL: http://localhost:5000/api/workflow/execute/signup","service":"user-backend","timestamp":"2026-08-11T17:20:13.166Z"}
{"level":"error","message":"Error while sending signup workflow request for kiran.sadara6730@gmail.com","service":"user-backend","timestamp":"2026-08-11T17:20:13.254Z"}
{"level":"error","message":"Attempt: 3","service":"user-backend","timestamp":"2026-08-11T17:20:13.255Z"}
{"level":"error","message":"Error message: Request failed with status code 500","service":"user-backend","timestamp":"2026-08-11T17:20:13.255Z"}
{"level":"error","message":"Status: 500","service":"user-backend","timestamp":"2026-08-11T17:20:13.255Z"}
{"level":"error","message":"Response: {\"message\":\"Internal server Error\"}","service":"user-backend","timestamp":"2026-08-11T17:20:13.255Z"}
{"level":"error","message":"URL: http://localhost:5000/api/workflow/execute/signup","service":"user-backend","timestamp":"2026-08-11T17:20:13.255Z"}
{"level":"error","message":"Error while sending signup workflow request for kiran.sadara6730@gmail.com","service":"user-backend","timestamp":"2026-08-11T17:23:50.902Z"}
{"level":"error","message":"Attempt: 1","service":"user-backend","timestamp":"2026-08-11T17:23:50.903Z"}
{"level":"error","message":"Error message: Request failed with status code 500","service":"user-backend","timestamp":"2026-08-11T17:23:50.903Z"}
{"level":"error","message":"Status: 500","service":"user-backend","timestamp":"2026-08-11T17:23:50.903Z"}
{"level":"error","message":"Response: {\"message\":\"Internal server Error\"}","service":"user-backend","timestamp":"2026-08-11T17:23:50.903Z"}
{"level":"error","message":"URL: http://localhost:5000/api/workflow/execute/signup","service":"user-backend","timestamp":"2026-08-11T17:23:50.903Z"}
{"level":"error","message":"Error while sending signup workflow request for kiran.sadara6730@gmail.com","service":"user-backend","timestamp":"2026-08-11T17:23:51.095Z"}
{"level":"error","message":"Attempt: 2","service":"user-backend","timestamp":"2026-08-11T17:23:51.096Z"}
{"level":"error","message":"Error message: Request failed with status code 500","service":"user-backend","timestamp":"2026-08-11T17:23:51.096Z"}
{"level":"error","message":"Status: 500","service":"user-backend","timestamp":"2026-08-11T17:23:51.096Z"}
{"level":"error","message":"Response: {\"message\":\"Internal server Error\"}","service":"user-backend","timestamp":"2026-08-11T17:23:51.096Z"}
{"level":"error","message":"URL: http://localhost:5000/api/workflow/execute/signup","service":"user-backend","timestamp":"2026-08-11T17:23:51.097Z"}
{"level":"error","message":"Error while sending signup workflow request for kiran.sadara6730@gmail.com","service":"user-backend","timestamp":"2026-08-11T17:23:51.761Z"}
{"level":"error","message":"Attempt: 3","service":"user-backend","timestamp":"2026-08-11T17:23:51.762Z"}
{"level":"error","message":"Error message: Request failed with status code 500","service":"user-backend","timestamp":"2026-08-11T17:23:51.762Z"}
{"level":"error","message":"Status: 500","service":"user-backend","timestamp":"2026-08-11T17:23:51.762Z"}
{"level":"error","message":"Response: {\"message\":\"Internal server Error\"}","service":"user-backend","timestamp":"2026-08-11T17:23:51.762Z"}
{"level":"error","message":"URL: http://localhost:5000/api/workflow/execute/signup","service":"user-backend","timestamp":"2026-08-11T17:23:51.763Z"}
